apps/api/src/routes/http.ts(56,7): error TS2345: Argument of type '{ label: string; mode: "register" | "authenticate"; scope?: "web" | "pwa" | "desktop" | "mobile" | undefined; }' is not assignable to parameter of type '{ label: string; scope: "web" | "pwa" | "desktop" | "mobile"; mode: "register" | "authenticate"; }'.
  Types of property 'scope' are incompatible.
    Type '"web" | "pwa" | "desktop" | "mobile" | undefined' is not assignable to type '"web" | "pwa" | "desktop" | "mobile"'.
      Type 'undefined' is not assignable to type '"web" | "pwa" | "desktop" | "mobile"'.
apps/api/src/routes/http.ts(63,7): error TS2345: Argument of type '{ label: string; publicKey: string; credentialId: string; mode: "register" | "authenticate"; challengeId: string; scope?: "web" | "pwa" | "desktop" | "mobile" | undefined; }' is not assignable to parameter of type '{ label: string; publicKey: string; credentialId: string; scope: "web" | "pwa" | "desktop" | "mobile"; mode: "register" | "authenticate"; challengeId: string; }'.
  Types of property 'scope' are incompatible.
    Type '"web" | "pwa" | "desktop" | "mobile" | undefined' is not assignable to type '"web" | "pwa" | "desktop" | "mobile"'.
      Type 'undefined' is not assignable to type '"web" | "pwa" | "desktop" | "mobile"'.
apps/api/src/routes/http.ts(76,7): error TS2345: Argument of type '{ name: string; handle: string; ghostMode: boolean; profileVisibility?: "full" | "handle_only" | undefined; hiddenAvatar?: boolean | undefined; privateDiscovery?: boolean | undefined; recoveryMethods?: { ...; }[] | undefined; }' is not assignable to parameter of type '{ name: string; handle: string; ghostMode: boolean; profileVisibility: "full" | "handle_only"; hiddenAvatar: boolean; privateDiscovery: boolean; recoveryMethods: { value: string; kind: "email" | "phone"; }[]; }'.
  Types of property 'profileVisibility' are incompatible.
    Type '"full" | "handle_only" | undefined' is not assignable to type '"full" | "handle_only"'.
      Type 'undefined' is not assignable to type '"full" | "handle_only"'.
apps/api/src/routes/http.ts(86,7): error TS2345: Argument of type '{ label: string; passkeyEnabled?: boolean | undefined; }' is not assignable to parameter of type '{ label: string; passkeyEnabled: boolean; }'.
  Types of property 'passkeyEnabled' are incompatible.
    Type 'boolean | undefined' is not assignable to type 'boolean'.
      Type 'undefined' is not assignable to type 'boolean'.
apps/api/src/routes/http.ts(131,7): error TS2345: Argument of type '{ kind: "dm" | "private_group" | "workspace_room" | "creator_channel"; visibility: "e2ee" | "managed_private" | "managed_broadcast"; title: string; subtitle: string; workspaceId?: string | undefined; participantIds?: string[] | undefined; disappearingSeconds?: number | undefined; participantHandles?: string[] | unde...' is not assignable to parameter of type '{ kind: "dm" | "private_group" | "workspace_room" | "creator_channel"; visibility: "e2ee" | "managed_private" | "managed_broadcast"; title: string; subtitle: string; participantIds: string[]; participantHandles: string[]; workspaceId?: string | undefined; disappearingSeconds?: number | undefined; }'.
  Types of property 'participantIds' are incompatible.
    Type 'string[] | undefined' is not assignable to type 'string[]'.
      Type 'undefined' is not assignable to type 'string[]'.
apps/api/src/routes/http.ts(148,7): error TS2345: Argument of type '{ conversationId: string; ciphertext: string; messageProtection: "ratcheted" | "sender_key" | "managed_plaintext"; clientId?: string | undefined; preview?: string | undefined; mentions?: string[] | undefined; replyToId?: string | undefined; attachments?: { ...; }[] | undefined; }' is not assignable to parameter of type '{ conversationId: string; ciphertext: string; preview: string; messageProtection: "ratcheted" | "sender_key" | "managed_plaintext"; mentions: string[]; attachments: { status: "pending" | "uploaded" | "committed" | "expired"; ... 6 more ...; encryptedUrl?: string | undefined; }[]; clientId?: string | undefined; reply...'.
  Types of property 'preview' are incompatible.
    Type 'string | undefined' is not assignable to type 'string'.
      Type 'undefined' is not assignable to type 'string'.
apps/api/src/routes/realtime.ts(62,29): error TS7006: Parameter 'rawMessage' implicitly has an 'any' type.
apps/api/src/store/trusted-store.ts(356,32): error TS2345: Argument of type '{ id: string; name: string; handle: string; role: string; avatar: string; bio: string; trustState: "watch"; ghostMode: boolean; onboardingComplete: boolean; profileVisibility: string; hiddenAvatar: boolean; privateDiscovery: boolean; }' is not assignable to parameter of type '{ id: string; name: string; handle: string; role: string; avatar: string; bio: string; trustState: "verified" | "watch" | "ghost"; ghostMode: boolean; profileVisibility: "full" | "handle_only"; ... 4 more ...; linkedEmail?: string | undefined; }'.
  Types of property 'profileVisibility' are incompatible.
    Type 'string' is not assignable to type '"full" | "handle_only"'.
apps/api/src/store/trusted-store.ts(373,9): error TS2322: Type '{ id: string; name: string; handle: string; role: string; avatar: string; bio: string; trustState: "watch"; ghostMode: boolean; onboardingComplete: boolean; profileVisibility: string; hiddenAvatar: boolean; privateDiscovery: boolean; }' is not assignable to type '{ id: string; name: string; handle: string; role: string; avatar: string; bio: string; trustState: "verified" | "watch" | "ghost"; ghostMode: boolean; profileVisibility: "full" | "handle_only"; ... 4 more ...; linkedEmail?: string | undefined; }'.
  Types of property 'profileVisibility' are incompatible.
    Type 'string' is not assignable to type '"full" | "handle_only"'.
packages/protocol/src/index.ts(735,7): error TS2353: Object literal may only specify known properties, and 'aiPolicy' does not exist in type '{ id: string; name: string; handle: string; role: string; avatar: string; bio: string; trustState: "verified" | "watch" | "ghost"; ghostMode: boolean; profileVisibility: "full" | "handle_only"; ... 4 more ...; linkedEmail?: string | undefined; }'.
packages/protocol/src/index.ts(751,7): error TS2353: Object literal may only specify known properties, and 'aiPolicy' does not exist in type '{ id: string; name: string; handle: string; role: string; avatar: string; bio: string; trustState: "verified" | "watch" | "ghost"; ghostMode: boolean; profileVisibility: "full" | "handle_only"; ... 4 more ...; linkedEmail?: string | undefined; }'.
packages/protocol/src/index.ts(766,7): error TS2353: Object literal may only specify known properties, and 'aiPolicy' does not exist in type '{ id: string; name: string; handle: string; role: string; avatar: string; bio: string; trustState: "verified" | "watch" | "ghost"; ghostMode: boolean; profileVisibility: "full" | "handle_only"; ... 4 more ...; linkedEmail?: string | undefined; }'.
packages/protocol/src/index.ts(862,7): error TS2353: Object literal may only specify known properties, and 'aiPolicy' does not exist in type '{ id: string; workspaceId: string; inviteOnly: boolean; retentionDays: number; }'.
packages/protocol/src/index.ts(869,7): error TS2353: Object literal may only specify known properties, and 'aiPolicy' does not exist in type '{ id: string; workspaceId: string; inviteOnly: boolean; retentionDays: number; }'.
packages/protocol/src/index.ts(883,7): error TS2353: Object literal may only specify known properties, and 'aiPolicy' does not exist in type '{ id: string; name: string; slug: string; description: string; ambientScene: string; memberCount: number; policyId: string; }'.
packages/protocol/src/index.ts(893,7): error TS2353: Object literal may only specify known properties, and 'aiPolicy' does not exist in type '{ id: string; name: string; slug: string; description: string; ambientScene: string; memberCount: number; policyId: string; }'.
packages/protocol/src/index.ts(926,7): error TS2353: Object literal may only specify known properties, and 'aiPolicyOverride' does not exist in type '{ id: string; kind: "dm" | "private_group" | "workspace_room" | "creator_channel"; visibility: "e2ee" | "managed_private" | "managed_broadcast"; unreadCount: number; messageProtection: "ratcheted" | ... 1 more ... | "managed_plaintext"; ... 10 more ...; directState?: "implicit" | ... 1 more ... | undefined; }'.
packages/protocol/src/index.ts(942,7): error TS2353: Object literal may only specify known properties, and 'aiPolicyOverride' does not exist in type '{ id: string; kind: "dm" | "private_group" | "workspace_room" | "creator_channel"; visibility: "e2ee" | "managed_private" | "managed_broadcast"; unreadCount: number; messageProtection: "ratcheted" | ... 1 more ... | "managed_plaintext"; ... 10 more ...; directState?: "implicit" | ... 1 more ... | undefined; }'.
packages/protocol/src/index.ts(958,7): error TS2353: Object literal may only specify known properties, and 'aiPolicyOverride' does not exist in type '{ id: string; kind: "dm" | "private_group" | "workspace_room" | "creator_channel"; visibility: "e2ee" | "managed_private" | "managed_broadcast"; unreadCount: number; messageProtection: "ratcheted" | ... 1 more ... | "managed_plaintext"; ... 10 more ...; directState?: "implicit" | ... 1 more ... | undefined; }'.
packages/protocol/src/index.ts(975,7): error TS2353: Object literal may only specify known properties, and 'aiPolicyOverride' does not exist in type '{ id: string; kind: "dm" | "private_group" | "workspace_room" | "creator_channel"; visibility: "e2ee" | "managed_private" | "managed_broadcast"; unreadCount: number; messageProtection: "ratcheted" | ... 1 more ... | "managed_plaintext"; ... 10 more ...; directState?: "implicit" | ... 1 more ... | undefined; }'.
